[wpcoders.in/bizmaster/home-02/index.html]
[backblue.gif]
[fade.gif]
[index.html]
[wpcoders.in/bizmaster/wp-content/plugins/bizmaster-core/assets/css/font-awesome.minb683.css]
[wpcoders.in/bizmaster/wp-content/plugins/bizmaster-core/assets/css/magnific-popup7406.css]
[wpcoders.in/bizmaster/wp-content/plugins/bizmaster-core/assets/css/odometer7406.css]
[wpcoders.in/bizmaster/wp-content/plugins/bizmaster-core/assets/css/slick7406.css]
[wpcoders.in/bizmaster/wp-content/plugins/contact-form-7/includes/css/stylese2db.css]
[wpcoders.in/bizmaster/wp-content/themes/bizmaster/style6c2d.css]
[wpcoders.in/bizmaster/wp-content/themes/bizmaster/assets/css/animatef7a1.css]
[wpcoders.in/bizmaster/wp-content/themes/bizmaster/assets/css/bootstrap.minf7a1.css]
[wpcoders.in/bizmaster/wp-content/plugins/elementor/assets/lib/font-awesome/css/font-awesome.min1849.css]
[wpcoders.in/bizmaster/wp-content/themes/bizmaster/assets/css/masterf7a1.css]
[wpcoders.in/bizmaster/wp-content/themes/bizmaster/assets/css/main-stylef7a1.css]
[wpcoders.in/bizmaster/wp-content/themes/bizmaster/assets/css/responsivef7a1.css]
[wpcoders.in/bizmaster/wp-content/themes/bizmaster-child-theme/style6c2d.css]
[wpcoders.in/bizmaster/wp-content/uploads/2024/04/Screenshot_3.png]
[wpcoders.in/bizmaster/wp-content/plugins/elementor/assets/css/frontend-lite.mind5d5.css]
[wpcoders.in/bizmaster/wp-content/plugins/elementor/assets/lib/swiper/v8/css/swiper.min94a4.css]
[wpcoders.in/bizmaster/wp-content/uploads/elementor/css/post-60cd6.css]
[wpcoders.in/bizmaster/wp-content/uploads/elementor/css/global81a3.css]
[wpcoders.in/bizmaster/wp-content/uploads/elementor/css/post-364f7fe.css]
[wpcoders.in/bizmaster/wp-includes/js/jquery/jquery.minf43b.js]
[wpcoders.in/bizmaster/wp-includes/js/jquery/jquery-migrate.min5589.js]
[wpcoders.in/bizmaster/wp-content/uploads/2024/04/cropped-favicon-32x32.png]
[wpcoders.in/bizmaster/wp-content/uploads/2024/04/cropped-favicon-192x192.png]
[wpcoders.in/bizmaster/wp-content/uploads/2024/04/cropped-favicon-180x180.png]
[wpcoders.in/bizmaster/wp-content/uploads/2024/04/hero_bg_2_1.png]
[wpcoders.in/bizmaster/wp-content/uploads/2024/04/hero_overlay_1.png]
[wpcoders.in/bizmaster/wp-content/uploads/2024/04/client-img-2-1.png]
[wpcoders.in/bizmaster/wp-content/uploads/2024/04/client-img-2-2.png]
[wpcoders.in/bizmaster/wp-content/uploads/2024/04/client-img-2-3.png]
[wpcoders.in/bizmaster/wp-content/uploads/2024/04/Screenshot_2.png]
[wpcoders.in/bizmaster/wp-content/uploads/2024/04/about_2-2.png]
[wpcoders.in/bizmaster/wp-content/uploads/2024/04/about_2-1.png]
[wpcoders.in/bizmaster/wp-content/uploads/2024/04/1.png]
[wpcoders.in/bizmaster/wp-content/uploads/2024/04/wcu-thumb-1-1.png]
[wpcoders.in/bizmaster/wp-content/uploads/2024/04/2.png]
[wpcoders.in/bizmaster/wp-content/uploads/2024/04/1-4-1-630x560.png]
[wpcoders.in/bizmaster/wp-content/uploads/2024/04/1-7-630x560.png]
[wpcoders.in/bizmaster/wp-content/uploads/2024/04/1-6-630x560.png]
[wpcoders.in/bizmaster/wp-content/uploads/2024/04/1-1-1-630x560.png]
[wpcoders.in/bizmaster/wp-content/uploads/2024/04/1-9-630x560.png]
[wpcoders.in/bizmaster/wp-content/plugins/elementor/assets/css/widget-icon-box.min.css]
[wpcoders.in/bizmaster/wp-content/uploads/2024/04/testimonial-2-1.png]
[wpcoders.in/bizmaster/wp-content/uploads/2024/04/team-2-3.png]
[wpcoders.in/bizmaster/wp-content/uploads/2024/04/team-2-2.png]
[wpcoders.in/bizmaster/wp-content/uploads/2024/04/team-2-1.png]
[wpcoders.in/bizmaster/wp-content/uploads/2024/04/1-3.png]
[wpcoders.in/bizmaster/wp-content/uploads/2024/04/1-4.png]
[wpcoders.in/bizmaster/wp-content/uploads/2024/04/1-1.png]
[wpcoders.in/bizmaster/wp-content/uploads/2024/04/1-2.png]
[wpcoders.in/bizmaster/wp-content/uploads/2024/04/event-thumb-1-1.png]
[wpcoders.in/bizmaster/wp-content/uploads/2024/04/appointment-thumb-2-1.png]
[wpcoders.in/bizmaster/wp-content/uploads/2024/04/cta-thumb-2-1.png]
[wpcoders.in/bizmaster/wp-content/uploads/2024/04/blog_s2_1.png]
[wpcoders.in/bizmaster/wp-content/uploads/2024/04/blog_s2_3.png]
[wpcoders.in/bizmaster/wp-content/uploads/2024/04/blog_s2_2.png]
[wpcoders.in/bizmaster/wp-content/uploads/2024/05/footer-bg2-1.jpg]
[wpcoders.in/bizmaster/wp-content/uploads/2024/05/1.jpg]
[wpcoders.in/bizmaster/wp-content/uploads/2024/05/2.jpg]
[wpcoders.in/bizmaster/wp-content/uploads/2024/05/3.jpg]
[wpcoders.in/bizmaster/wp-content/uploads/2024/05/4.jpg]
[wpcoders.in/bizmaster/wp-content/plugins/bizmaster-core/assets/js/jquery.countdown.min0ba6.js]
[wpcoders.in/bizmaster/wp-content/plugins/bizmaster-core/assets/js/jquery.nice-select0ba6.js]
[wpcoders.in/bizmaster/wp-content/plugins/bizmaster-core/assets/js/isotope.pkgd.min0ba6.js]
[wpcoders.in/bizmaster/wp-includes/js/imagesloaded.minbb93.js]
[wpcoders.in/bizmaster/wp-content/plugins/bizmaster-core/assets/js/counter-up.minc358.js]
[wpcoders.in/bizmaster/home-02/index.html]
[wpcoders.in/bizmaster/wp-content/plugins/bizmaster-core/assets/css/font-awesome.minb683.css]
[wpcoders.in/bizmaster/wp-content/plugins/bizmaster-core/assets/css/magnific-popup7406.css]
[wpcoders.in/bizmaster/wp-content/plugins/bizmaster-core/assets/css/odometer7406.css]
[wpcoders.in/bizmaster/wp-content/plugins/bizmaster-core/assets/css/slick7406.css]
[wpcoders.in/bizmaster/wp-content/plugins/bizmaster-core/assets/css/main-style7406.css]
[wpcoders.in/bizmaster/wp-content/plugins/contact-form-7/includes/css/stylese2db.css]
[wpcoders.in/bizmaster/wp-content/themes/bizmaster/style6c2d.css]
[wpcoders.in/bizmaster/wp-content/themes/bizmaster/assets/css/animatef7a1.css]
[wpcoders.in/bizmaster/wp-content/themes/bizmaster/assets/css/bootstrap.minf7a1.css]
[wpcoders.in/bizmaster/wp-content/plugins/elementor/assets/lib/font-awesome/css/font-awesome.min1849.css]
[wpcoders.in/bizmaster/wp-content/themes/bizmaster/assets/css/masterf7a1.css]
[wpcoders.in/bizmaster/wp-content/themes/bizmaster/assets/css/main-stylef7a1.css]
[wpcoders.in/bizmaster/wp-content/themes/bizmaster/assets/css/responsivef7a1.css]
[wpcoders.in/bizmaster/wp-content/themes/bizmaster-child-theme/style6c2d.css]
[wpcoders.in/bizmaster/wp-content/plugins/elementor/assets/css/frontend-lite.mind5d5.css]
[wpcoders.in/bizmaster/wp-content/plugins/elementor/assets/lib/swiper/v8/css/swiper.min94a4.css]
[wpcoders.in/bizmaster/wp-content/uploads/elementor/css/post-60cd6.css]
[wpcoders.in/bizmaster/wp-content/uploads/elementor/css/global81a3.css]
[wpcoders.in/bizmaster/wp-content/uploads/elementor/css/post-364f7fe.css]
[wpcoders.in/bizmaster/wp-includes/js/jquery/jquery.minf43b.js]
[wpcoders.in/bizmaster/wp-includes/js/jquery/jquery-migrate.min5589.js]
[wpcoders.in/bizmaster/wp-content/plugins/elementor/assets/css/widget-icon-box.min.css]
[wpcoders.in/bizmaster/wp-content/plugins/bizmaster-core/assets/js/jquery.countdown.min0ba6.js]
[wpcoders.in/bizmaster/wp-content/plugins/bizmaster-core/assets/js/jquery.nice-select0ba6.js]
[wpcoders.in/bizmaster/wp-content/plugins/bizmaster-core/assets/js/isotope.pkgd.min0ba6.js]
[wpcoders.in/bizmaster/wp-includes/js/imagesloaded.minbb93.js]
[wpcoders.in/bizmaster/wp-content/plugins/bizmaster-core/assets/js/counter-up.minc358.js]
[wpcoders.in/bizmaster/wp-content/plugins/bizmaster-core/assets/js/wow.minf39e.html]
[wpcoders.in/bizmaster/wp-content/plugins/bizmaster-core/assets/js/viewport.jquery4b68.html]
[wpcoders.in/bizmaster/wp-content/plugins/bizmaster-core/assets/js/slick.min4b68.html]
[wpcoders.in/bizmaster/wp-content/plugins/bizmaster-core/assets/js/jquery.marquee.min4b68.html]
[wpcoders.in/bizmaster/wp-content/plugins/bizmaster-core/assets/js/mainf7a1.html]
[wpcoders.in/bizmaster/wp-includes/js/dist/hooks.min4fdd.html]
[wpcoders.in/bizmaster/wp-includes/js/dist/i18n.minc33c.html]
[wpcoders.in/bizmaster/wp-content/plugins/contact-form-7/includes/swv/js/indexe2db.html]
[wpcoders.in/bizmaster/wp-content/plugins/contact-form-7/includes/js/indexe2db.html]
[wpcoders.in/bizmaster/wp-content/themes/bizmaster/assets/js/bootstrap.min7fb9.html]
[wpcoders.in/bizmaster/wp-content/themes/bizmaster/assets/js/fontawesome.min7fb9.html]
[wpcoders.in/bizmaster/wp-content/themes/bizmaster/assets/js/jquery.magnific-popup1f22.html]
[wpcoders.in/bizmaster/wp-content/themes/bizmaster/assets/js/preloaderc358.html]
[wpcoders.in/bizmaster/wp-content/themes/bizmaster/assets/js/popper.minc358.html]
[wpcoders.in/bizmaster/wp-content/themes/bizmaster/assets/js/jQuery.rProgressbar.minf39e.html]
[wpcoders.in/bizmaster/wp-content/themes/bizmaster/assets/js/mainf7a1.html]
[wpcoders.in/bizmaster/wp-content/plugins/elementor/assets/lib/jquery-numerator/jquery-numerator.min3958.html]
[wpcoders.in/bizmaster/wp-content/plugins/elementor/assets/js/webpack.runtime.mind5d5.html]
[wpcoders.in/bizmaster/wp-content/plugins/elementor/assets/js/frontend-modules.mind5d5.html]
[wpcoders.in/bizmaster/wp-content/plugins/elementor/assets/lib/waypoints/waypoints.min05da.html]
[wpcoders.in/bizmaster/wp-includes/js/jquery/ui/core.minb37e.html]
[wpcoders.in/bizmaster/wp-content/plugins/elementor/assets/js/frontend.mind5d5.html]
[wpcoders.in/bizmaster/wp-content/themes/bizmaster/assets/img/bg/about_counter-border1-1.html]
[wpcoders.in/bizmaster/wp-content/uploads/2024/04/event-shape.html]
[wpcoders.in/bizmaster/wp-content/uploads/2024/04/cta_bg_1.html]
